
> medai-pro-backend@1.0.0 test
> jest --coverage

npm : FAIL tests/integration/clinicIsolation.test.js
At line:1 char:1
+ npm test > test_output.txt 2>&1
+ ~~~~~~~~~~~~~~~~~~~~~~~~~~~~~~~
    + CategoryInfo          : NotSpecified: (FAIL tests/inte...olation.test.js:String) [], RemoteException
    + FullyQualifiedErrorId : NativeCommandError
 
  ÔùÅ Test suite failed to run

    ReferenceError: Cannot access 'mockQueryIso' before initialization

    [0m [90m 25 |[39m jest[33m.[39mmock([32m'../../config/supabase'[39m[33m,[39m () [33m=>[39m ({
     [90m 26 |[39m   [36mfrom[39m[33m:[39m jest[33m.[39mfn(() [33m=>[39m mockQueryIso)[33m,[39m
    [31m[1m>[22m[39m[90m 27 |[39m   [33m...[39mmockQueryIso
     [90m    |[39m      [31m[1m^[22m[39m
     [90m 28 |[39m }))[33m;[39m
     [90m 29 |[39m
     [90m 30 |[39m app[33m.[39m[36mget[39m([32m'/api/clinic/data'[39m[33m,[39m authMiddleware[33m,[39m 
(req[33m,[39m res) [33m=>[39m {[0m

      at mockQueryIso (tests/integration/clinicIsolation.test.js:27:6)
      at Object.require (src/middleware/auth.js:2:18)
      at Object.require (tests/integration/clinicIsolation.test.js:3:28)

FAIL tests/unit/authService.test.js
  ÔùÅ AuthService - Authentication & Security ÔÇ║ deve falhar login se usu├írio n├úo existir

    expect(received).rejects.toThrow(expected)

    Expected substring: "Usu├írio n├úo encontrado."
    Received message:   "Cannot read properties of undefined (reading 'select')"

        [0m [90m  8 |[39m     
         [90m  9 |[39m     [36mconst[39m { data[33m,[39m error } [33m=[39m [36mawait[39m supabase
        [31m[1m>[22m[39m[90m 10 |[39m       [33m.[39m[36mfrom[39m([32m'users'[39m)
         [90m    |[39m                     [31m[1m^[22m[39m
         [90m 11 |[39m       [33m.[39mselect([32m'id, clinic_id, email, password_hash, access_code, name, 
initials, role, active'[39m)
         [90m 12 |[39m       [33m.[39meq([32m'email'[39m[33m,[39m cleanEmail)
         [90m 13 |[39m       [33m.[39msingle()[33m;[39m[0m

      at Object.findUserByEmail (src/repositories/authRepository.js:10:21)
      at Object.findUserByEmail [as login] (src/services/authService.js:16:39)
      at Object.login (tests/unit/authService.test.js:13:30)
      at Object.toThrow (node_modules/expect/build/index.js:218:22)
      at Object.toThrow (tests/unit/authService.test.js:15:8)

  ÔùÅ AuthService - Authentication & Security ÔÇ║ deve realizar login com credenciais corretas

    TypeError: Cannot read properties of undefined (reading 'select')

    [0m [90m  8 |[39m     
     [90m  9 |[39m     [36mconst[39m { data[33m,[39m error } [33m=[39m [36mawait[39m supabase
    [31m[1m>[22m[39m[90m 10 |[39m       [33m.[39m[36mfrom[39m([32m'users'[39m)
     [90m    |[39m                     [31m[1m^[22m[39m
     [90m 11 |[39m       [33m.[39mselect([32m'id, clinic_id, email, password_hash, access_code, name, initials, 
role, active'[39m)
     [90m 12 |[39m       [33m.[39meq([32m'email'[39m[33m,[39m cleanEmail)
     [90m 13 |[39m       [33m.[39msingle()[33m;[39m[0m

      at Object.findUserByEmail (src/repositories/authRepository.js:10:21)
      at Object.findUserByEmail [as login] (src/services/authService.js:16:39)
      at Object.login (tests/unit/authService.test.js:31:38)

  ÔùÅ AuthService - Authentication & Security ÔÇ║ deve gerar JWT v├ílido ap├│s verifica├º├úo do c├│digo

    TypeError: Cannot read properties of undefined (reading 'select')

    [0m [90m  8 |[39m     
     [90m  9 |[39m     [36mconst[39m { data[33m,[39m error } [33m=[39m [36mawait[39m supabase
    [31m[1m>[22m[39m[90m 10 |[39m       [33m.[39m[36mfrom[39m([32m'users'[39m)
     [90m    |[39m                     [31m[1m^[22m[39m
     [90m 11 |[39m       [33m.[39mselect([32m'id, clinic_id, email, password_hash, access_code, name, initials, 
role, active'[39m)
     [90m 12 |[39m       [33m.[39meq([32m'email'[39m[33m,[39m cleanEmail)
     [90m 13 |[39m       [33m.[39msingle()[33m;[39m[0m

      at Object.findUserByEmail (src/repositories/authRepository.js:10:21)
      at Object.findUserByEmail [as verifyAccessCode] (src/services/authService.js:30:39)
      at Object.verifyAccessCode (tests/unit/authService.test.js:49:38)

FAIL tests/unit/aiService.test.js
  ÔùÅ AIService - IA Orchestrator ÔÇ║ deve chamar o Orchestrator e retornar fallback em caso de falha

    TypeError: Cannot read properties of undefined (reading 'insert')

    [0m [90m 35 |[39m       [90m// Criar nova conversa[39m
     [90m 36 |[39m       [36mconst[39m { data[33m:[39m newConv } [33m=[39m [36mawait[39m supabase
    [31m[1m>[22m[39m[90m 37 |[39m         [33m.[39m[36mfrom[39m([32m'conversations'[39m)
     [90m    |[39m                               [31m[1m^[22m[39m
     [90m 38 |[39m         [33m.[39minsert({ clinic_id[33m:[39m clinic[33m.[39mid[33m,[39m 
user_id[33m:[39m user[33m.[39mid[33m,[39m intent })
     [90m 39 |[39m         [33m.[39mselect()
     [90m 40 |[39m         [33m.[39msingle()[33m;[39m[0m

      at Object.chat (src/services/aiService.js:37:31)
      at Object.<anonymous> (tests/unit/aiService.test.js:49:20)

----------------------|---------|----------|---------|---------|-----------------------
File                  | % Stmts | % Branch | % Funcs | % Lines | Uncovered Line #s     
----------------------|---------|----------|---------|---------|-----------------------
All files             |    9.39 |     2.87 |    4.76 |   10.36 |                       
 ai                   |    5.76 |        0 |       0 |    6.77 |                       
  agentPrompts.js     |     100 |      100 |     100 |     100 |                       
  gateway.js          |    9.83 |        0 |       0 |   10.71 | 23-84,101-107,124-179 
  orchestrator.js     |    3.42 |        0 |       0 |    4.16 | 20-293,304-379        
 controllers          |       0 |        0 |       0 |       0 |                       
  aiController.js     |       0 |        0 |       0 |       0 | 1-65                  
  authController.js   |       0 |        0 |       0 |       0 | 1-57                  
  clinicController.js |       0 |        0 |       0 |       0 | 1-55                  
  userController.js   |       0 |        0 |       0 |       0 | 1-78                  
 middleware           |       0 |        0 |       0 |       0 |                       
  auth.js             |       0 |        0 |       0 |       0 | 1-73                  
  rateLimiter.js      |       0 |        0 |       0 |       0 | 1-67                  
  validator.js        |       0 |        0 |       0 |       0 | 1-58                  
 repositories         |   20.75 |      2.5 |    8.33 |   25.58 |                       
  authRepository.js   |   21.21 |     4.54 |   14.28 |      25 | 15-76                 
  usageRepository.js  |      20 |        0 |       0 |   26.66 | 6-46                  
 routes               |       0 |      100 |       0 |       0 |                       
  index.js            |       0 |      100 |       0 |       0 | 1-74                  
 services             |   27.08 |      8.1 |   42.85 |   29.88 |                       
  aiService.js        |   34.14 |     12.5 |   33.33 |   34.14 | 26-33,41-163          
  authService.js      |   21.81 |     4.76 |      50 |   26.08 | 17-23,31-115          
 utils                |   17.02 |    13.88 |       0 |   17.39 |                       
  logger.js           |      40 |    21.73 |       0 |    42.1 | 13-25,47              
  response.js         |       0 |        0 |       0 |       0 | 1-10                  
  updatePassword.js   |       0 |        0 |       0 |       0 | 5-42                  
----------------------|---------|----------|---------|---------|-----------------------
Test Suites: 3 failed, 3 total
Tests:       4 failed, 1 passed, 5 total
Snapshots:   0 total
Time:        3.864 s
Ran all test suites.
